// Jest Snapshot v1, https://goo.gl/fbAQLP

exports[`notification test shallow render 1`] = `
<div
  className="notification"
>
  <p
    className="notification__message"
  >
    No more users
  </p>
</div>
`;
