// Jest Snapshot v1, https://goo.gl/fbAQLP

exports[`homepage test render page 1`] = `
<main
  className="home"
>
  <Main
    status={false}
    toggleSidebar={[Function]}
  />
  <Sidebar
    status={false}
    toggleSidebar={[Function]}
  />
</main>
`;
